export const snapshot = {};

snapshot[`findDocumentLayoutRoot - returns file content when document.html exists 1`] = `"[object TestContext]"`;

snapshot[`findDocumentLayoutRoot - returns default template when document.html does not exist 1`] = `
'<!DOCTYPE html>
<html lang="en">
  <head>
    <meta charset="UTF-8">
    <meta name="viewport" content="width=device-width, initial-scale=1.0">
    <script src="https://cdn.jsdelivr.net/npm/@tailwindcss/browser@4">
    </script>
    <script
      src="https://cdn.jsdelivr.net/npm/@tailwindplus/elements@1"
      type="module"
    >
    </script>
    <title>Ten.net</title>
  </head>
  <body>{{content}}</body>
</html>
'
`;

snapshot[`findDocumentLayoutRoot - returns default template when file exists but cannot be read 1`] = `
'<!DOCTYPE html>
<html lang="en">
  <head>
    <meta charset="UTF-8">
    <meta name="viewport" content="width=device-width, initial-scale=1.0">
    <script src="https://cdn.jsdelivr.net/npm/@tailwindcss/browser@4">
    </script>
    <script
      src="https://cdn.jsdelivr.net/npm/@tailwindplus/elements@1"
      type="module"
    >
    </script>
    <title>Ten.net</title>
  </head>
  <body>{{content}}</body>
</html>
'
`;
